// Vitest Snapshot v1, https://vitest.dev/guide/snapshot.html

exports[`Single word default files > creates a single word function file > Scenario snapshot 1`] = `
"import type { ScenarioData } from '@cedarjs/testing/api'

export const standard = defineScenario({
  // Define the "fixture" to write into your test database here
  // See guide: https://redwoodjs.com/docs/testing#scenarios
})

export type StandardScenario = ScenarioData<unknown>
"
`;

exports[`Single word default files > creates a single word function file > Test snapshot 1`] = `
"import { SampleJob } from './SampleJob.js'

describe('SampleJob', () => {
  it('should not throw any errors', async () => {
    await expect(SampleJob.perform()).resolves.not.toThrow()
  })
})
"
`;

exports[`Single word default files > creates a single word function file 1`] = `
"import { jobs } from 'src/lib/jobs.js'

export const SampleJob = jobs.createJob({
  queue: 'default',
  perform: async () => {
    jobs.logger.info('SampleJob is performing...')
  },
})
"
`;

exports[`multi-word files > creates a multi word function file 1`] = `undefined`;
