// Vitest Snapshot v1, https://vitest.dev/guide/snapshot.html

exports[`authTasks > Components with props > Should add useAuth on the same line for single line components, and separate line for multiline components 1`] = `
"import { FatalErrorBoundary, RedwoodProvider } from '@cedarjs/web'
import { RedwoodApolloProvider } from '@cedarjs/web/apollo'

import FatalErrorPage from 'src/pages/FatalErrorPage'
import Routes from 'src/Routes'

import { AuthProvider, useAuth } from './auth.js'

import './index.css'

const App = () => (
  <FatalErrorBoundary page={FatalErrorPage}>
    <RedwoodProvider titleTemplate="%PageTitle | %AppTitle">
      <AuthProvider>
        <RedwoodApolloProvider useAuth={useAuth} graphQLClientConfig={{ cache }}>
          <Routes />
        </RedwoodApolloProvider>
      </AuthProvider>
    </RedwoodProvider>
  </FatalErrorBoundary>
)

export default App
"
`;

exports[`authTasks > Components with props > Should add useAuth on the same line for single line components, and separate line for multiline components 2`] = `
"// In this file, all Page components from 'src/pages\` are auto-imported. Nested
// directories are supported, and should be uppercase. Each subdirectory will be
// prepended onto the component name.
//
// Examples:
//
// 'src/pages/HomePage/HomePage.js'         -> HomePage
// 'src/pages/Admin/BooksPage/BooksPage.js' -> AdminBooksPage

import { Router, Route } from '@cedarjs/router'

import { useAuth } from './auth.js'

const Routes = () => {
  return (
    <Router useAuth={useAuth}
      pageLoadingDelay={400}
      trailingSlashes="always"
      paramTypes={{
        foo: {
          match: /foo/,
          parse: (value: string) => value.split('').reverse().join(''),
        },
      }}
    >
      <Route notfound page={NotFoundPage} />
    </Router>
  )
}

export default Routes
"
`;

exports[`authTasks > Components with props > Should not add useAuth if one already exists 1`] = `
"import { FatalErrorBoundary, RedwoodProvider } from '@cedarjs/web'
import { RedwoodApolloProvider } from '@cedarjs/web/apollo'

import FatalErrorPage from 'src/pages/FatalErrorPage'
import Routes from 'src/Routes'

import { AuthProvider, useAuth } from './auth.js'

import './index.css'

const App = () => (
  <FatalErrorBoundary page={FatalErrorPage}>
    <RedwoodProvider titleTemplate="%PageTitle | %AppTitle">
      <AuthProvider>
        <RedwoodApolloProvider useAuth={useAuth} graphQLClientConfig={{ cache }}>
          <Routes />
        </RedwoodApolloProvider>
      </AuthProvider>
    </RedwoodProvider>
  </FatalErrorBoundary>
)

export default App
"
`;

exports[`authTasks > Components with props > Should not add useAuth if one already exists 2`] = `
"// In this file, all Page components from 'src/pages\` are auto-imported. Nested
// directories are supported, and should be uppercase. Each subdirectory will be
// prepended onto the component name.
//
// Examples:
//
// 'src/pages/HomePage/HomePage.js'         -> HomePage
// 'src/pages/Admin/BooksPage/BooksPage.js' -> AdminBooksPage

import { Router, Route } from '@cedarjs/router'

import { useAuth } from './auth.js'

const Routes = () => {
  return (
    <Router
      pageLoadingDelay={400}
      trailingSlashes="always"
      paramTypes={{
        foo: {
          match: /foo/,
          parse: (value: string) => value.split('').reverse().join(''),
        },
      }}
      useAuth={() => ({
        loading: false,
        isAuthenticated: false
      })}
    >
      <Route notfound page={NotFoundPage} />
    </Router>
  )
}

export default Routes
"
`;

exports[`authTasks > Customized App.js > Should add auth config when using explicit return 1`] = `
"import { useEffect } from 'react'
import { FatalErrorBoundary, RedwoodProvider } from '@cedarjs/web'
import { RedwoodApolloProvider } from '@cedarjs/web/apollo'

import FatalErrorPage from 'src/pages/FatalErrorPage'
import Routes from 'src/Routes'

import { AuthProvider, useAuth } from './auth.js'

import './index.css'

const App = (props) => {
  const { cache } = props

  useEffect(() => {
    console.log('Running my custom useEffect hook on each render.')
  })

  return (
    <FatalErrorBoundary page={FatalErrorPage}>
      <RedwoodProvider titleTemplate="%PageTitle | %AppTitle">
        <AuthProvider>
          <RedwoodApolloProvider useAuth={useAuth}>
            <AnotherProvider>
              <Routes />
            </AnotherProvider>
          </RedwoodApolloProvider>
        </AuthProvider>
      </RedwoodProvider>
    </FatalErrorBoundary>
  )
}

export default App
"
`;

exports[`authTasks > Should update App.{jsx,tsx}, Routes.{jsx,tsx} and add auth.ts (Auth0) 1`] = `
"import { FatalErrorBoundary, RedwoodProvider } from '@cedarjs/web'
import { RedwoodApolloProvider } from '@cedarjs/web/apollo'

import FatalErrorPage from 'src/pages/FatalErrorPage'
import Routes from 'src/Routes'

import { AuthProvider, useAuth } from './auth.js'

import './index.css'

const App = () => (
  <FatalErrorBoundary page={FatalErrorPage}>
    <RedwoodProvider titleTemplate="%PageTitle | %AppTitle">
      <AuthProvider>
        <RedwoodApolloProvider useAuth={useAuth}>
          <Routes />
        </RedwoodApolloProvider>
      </AuthProvider>
    </RedwoodProvider>
  </FatalErrorBoundary>
)

export default App
"
`;

exports[`authTasks > Should update App.{jsx,tsx}, Routes.{jsx,tsx} and add auth.ts (Auth0) 2`] = `
"import { Auth0Client } from '@auth0/auth0-spa-js'

import { createAuth } from '@cedarjs/auth-auth0-web'

const auth0 = new Auth0Client({
  domain: process.env.AUTH0_DOMAIN || '',
  client_id: process.env.AUTH0_CLIENT_ID || '',
  redirect_uri: process.env.AUTH0_REDIRECT_URI,

  // ** NOTE ** Storing tokens in browser local storage provides persistence across page refreshes and browser tabs.
  // However, if an attacker can achieve running JavaScript in the SPA using a cross-site scripting (XSS) attack,
  // they can retrieve the tokens stored in local storage.
  // https://auth0.com/docs/libraries/auth0-spa-js#change-storage-options
  cacheLocation: 'localstorage',
  audience: process.env.AUTH0_AUDIENCE,

  // @MARK useRefreshTokens is required for automatically extending sessions
  // beyond that set in the initial JWT expiration.
  //
  // @see https://auth0.com/docs/tokens/refresh-tokens
  // useRefreshTokens: true,
})

export const { AuthProvider, useAuth } = createAuth(auth0)
"
`;

exports[`authTasks > Should update App.{jsx,tsx}, Routes.{jsx,tsx} and add auth.ts (Auth0) 3`] = `
"// In this file, all Page components from 'src/pages\` are auto-imported. Nested
// directories are supported, and should be uppercase. Each subdirectory will be
// prepended onto the component name.
//
// Examples:
//
// 'src/pages/HomePage/HomePage.js'         -> HomePage
// 'src/pages/Admin/BooksPage/BooksPage.js' -> AdminBooksPage

import { Router, Route } from '@cedarjs/router'

import { useAuth } from './auth.js'

const Routes = () => {
  return (
    <Router useAuth={useAuth}>
      <Route notfound page={NotFoundPage} />
    </Router>
  )
}

export default Routes
"
`;

exports[`authTasks > Should update App.{jsx,tsx}, Routes.{jsx,tsx} and add auth.ts (Clerk) 1`] = `
"import { FatalErrorBoundary, RedwoodProvider } from '@cedarjs/web'
import { RedwoodApolloProvider } from '@cedarjs/web/apollo'

import FatalErrorPage from 'src/pages/FatalErrorPage'
import Routes from 'src/Routes'

import { AuthProvider, useAuth } from './auth.js'

import './index.css'

const App = () => (
  <FatalErrorBoundary page={FatalErrorPage}>
    <RedwoodProvider titleTemplate="%PageTitle | %AppTitle">
      <AuthProvider>
        <RedwoodApolloProvider useAuth={useAuth}>
          <Routes />
        </RedwoodApolloProvider>
      </AuthProvider>
    </RedwoodProvider>
  </FatalErrorBoundary>
)

export default App
"
`;

exports[`authTasks > Should update App.{jsx,tsx}, Routes.{jsx,tsx} and add auth.ts (Clerk) 2`] = `
"import React, { useEffect } from 'react'

import { ClerkLoaded, ClerkProvider, useUser } from '@clerk/clerk-react'

import { createAuth } from '@cedarjs/auth-clerk-web'

// You can set user roles in a "roles" array on the public metadata in Clerk.
//
// Also, you need to add three env variables: CLERK_FRONTEND_API_URL for web and
// CLERK_API_KEY plus CLERK_JWT_KEY for api. All three can be found under "API Keys"
// on your Clerk.dev dashboard.
//
// Lastly, be sure to add the key "CLERK_FRONTEND_API_URL" in your app's redwood.toml
// [web] config "includeEnvironmentVariables" setting.

export const { AuthProvider: ClerkRwAuthProvider, useAuth } = createAuth()

interface Props {
  children: React.ReactNode
}

const ClerkStatusUpdater = () => {
  const { isSignedIn, user, isLoaded } = useUser()
  const { reauthenticate } = useAuth()

  useEffect(() => {
    if (isLoaded) {
      reauthenticate()
    }
  }, [isSignedIn, user, reauthenticate, isLoaded])

  return null
}

export const AuthProvider = ({ children }: Props) => {
  const frontendApi = process.env.CLERK_FRONTEND_API_URL
  if (!frontendApi) {
    throw new Error('Need to define env variable CLERK_FRONTEND_API_URL')
  }

  return (
    <ClerkProvider
      publishableKey={frontendApi}
      routerPush={(to) => navigate(to)}
      routerReplace={(to) => navigate(to, { replace: true })}
    >
      <ClerkRwAuthProvider>
        <ClerkLoaded>{children}</ClerkLoaded>
        <ClerkStatusUpdater />
      </ClerkRwAuthProvider>
    </ClerkProvider>
  )
}
"
`;

exports[`authTasks > Should update App.{jsx,tsx}, Routes.{jsx,tsx} and add auth.ts (Clerk) 3`] = `
"// In this file, all Page components from 'src/pages\` are auto-imported. Nested
// directories are supported, and should be uppercase. Each subdirectory will be
// prepended onto the component name.
//
// Examples:
//
// 'src/pages/HomePage/HomePage.js'         -> HomePage
// 'src/pages/Admin/BooksPage/BooksPage.js' -> AdminBooksPage

import { Router, Route } from '@cedarjs/router'

import { useAuth } from './auth.js'

const Routes = () => {
  return (
    <Router useAuth={useAuth}>
      <Route notfound page={NotFoundPage} />
    </Router>
  )
}

export default Routes
"
`;

exports[`authTasks > Should update App.tsx for legacy apps 1`] = `
"import netlifyIdentity from 'netlify-identity-widget'

import { isBrowser } from '@cedarjs/prerender/browserUtils'
import { FatalErrorBoundary, RedwoodProvider } from '@cedarjs/web'
import { RedwoodApolloProvider } from '@cedarjs/web/apollo'

import FatalErrorPage from 'src/pages/FatalErrorPage'
import Routes from 'src/Routes'

import { AuthProvider, useAuth } from './auth.js'

import './index.css'

isBrowser && netlifyIdentity.init()

const App = () => (
  <FatalErrorBoundary page={FatalErrorPage}>
    <RedwoodProvider titleTemplate="%PageTitle | %AppTitle">
      <AuthProvider>
        <RedwoodApolloProvider useAuth={useAuth}>
          <Routes />
        </RedwoodApolloProvider>
      </AuthProvider>
    </RedwoodProvider>
  </FatalErrorBoundary>
)

export default App
"
`;

exports[`authTasks > Swapped out GraphQL client > Should add auth config when app is missing RedwoodApolloProvider 1`] = `
"import { FatalErrorBoundary, RedwoodProvider } from '@cedarjs/web'

import FatalErrorPage from 'src/pages/FatalErrorPage'
import Routes from 'src/Routes'

import { AuthProvider, useAuth } from './auth.js'

import './index.css'

const queryClient = {}

const App = () => (
  <FatalErrorBoundary page={FatalErrorPage}>
    <RedwoodProvider titleTemplate="%PageTitle | %AppTitle">
      <AuthProvider>
        <QueryClientProvider client={queryClient}>
          <RedwoodReactQueryProvider>
            <Routes />
          </RedwoodReactQueryProvider>
        </QueryClientProvider>
      </AuthProvider>
    </RedwoodProvider>
  </FatalErrorBoundary>
)

export default App
"
`;

exports[`authTasks > addApiConfig > Adds authDecoder arg to default graphql.ts file 1`] = `
"import { authDecoder } from 'test-auth-api'
import { createGraphQLHandler } from '@cedarjs/graphql-server'

import directives from 'src/directives/**/*.{js,ts}'
import sdls from 'src/graphql/**/*.sdl.{js,ts}'
import services from 'src/services/**/*.{js,ts}'

import { getCurrentUser } from 'src/lib/auth.js'
import { db } from 'src/lib/db'
import { logger } from 'src/lib/logger'

export const handler = createGraphQLHandler({
  authDecoder,
  getCurrentUser,
  loggerConfig: { logger, options: {} },
  directives,
  sdls,
  services,
  onException: () => {
    // Disconnect from your database with an unhandled exception.
    db.$disconnect()
  },
})
"
`;

exports[`authTasks > addApiConfig > Doesn't add authDecoder arg if one already exists 1`] = `
"import { authDecoder } from 'test-auth-api'
import { createGraphQLHandler } from '@cedarjs/graphql-server'

import directives from 'src/directives/**/*.{js,ts}'
import sdls from 'src/graphql/**/*.sdl.{js,ts}'
import services from 'src/services/**/*.{js,ts}'

import { getCurrentUser } from 'src/lib/auth'
import { db } from 'src/lib/db'
import { logger } from 'src/lib/logger'

export const handler = createGraphQLHandler({
  authDecoder,
  getCurrentUser,
  loggerConfig: { logger, options: {} },
  directives,
  sdls,
  services,
  onException: () => {
    // Disconnect from your database with an unhandled exception.
    db.$disconnect()
  },
})
"
`;

exports[`authTasks > addApiConfig > Doesn't add authDecoder arg if one already exists, even with a non-standard import name and arg placement 1`] = `
"import { authDecoder } from 'test-auth-api'
import { createGraphQLHandler } from '@cedarjs/graphql-server'

import directives from 'src/directives/**/*.{js,ts}'
import sdls from 'src/graphql/**/*.sdl.{js,ts}'
import services from 'src/services/**/*.{js,ts}'

import { getCurrentUser } from 'src/lib/auth'
import { db } from 'src/lib/db'
import { logger } from 'src/lib/logger'

export const handler = createGraphQLHandler({
  getCurrentUser,
  loggerConfig: { logger, options: {} },
  directives,
  sdls,
  services,
  onException: () => {
    // Disconnect from your database with an unhandled exception.
    db.$disconnect()
  },
  authDecoder,
})
"
`;

exports[`authTasks > writes an auth.js file for JS projects 1`] = `"// web auth template"`;

exports[`authTasks > writes an auth.ts file for TS projects 1`] = `"// web auth template"`;
